[debug] [2026-08-10T01:45:49.939Z] ----------------------------------------------------------------------
[debug] [2026-08-10T01:45:49.942Z] Command:       /usr/bin/node /home/mvargasch/.npm/_npx/7750544ccf494d8b/node_modules/.bin/firebase deploy --only hosting
[debug] [2026-08-10T01:45:49.942Z] CLI Version:   15.26.0
[debug] [2026-08-10T01:45:49.942Z] Platform:      linux
[debug] [2026-08-10T01:45:49.943Z] Node Version:  v26.4.0
[debug] [2026-08-10T01:45:49.943Z] Detected Agent: antigravity
[debug] [2026-08-10T01:45:49.943Z] Time:          Sun Aug 09 2026 20:45:49 GMT-0500 (hora estándar de Perú)
[debug] [2026-08-10T01:45:49.943Z] ----------------------------------------------------------------------
[debug] 
[debug] [2026-08-10T01:45:51.418Z] > command requires scopes: ["email","openid","https://www.googleapis.com/auth/cloudplatformprojects.readonly","https://www.googleapis.com/auth/firebase","https://www.googleapis.com/auth/cloud-platform"]
[debug] [2026-08-10T01:45:51.419Z] > authorizing via signed-in user (29.mfvc@gmail.com)
[debug] [2026-08-10T01:45:51.419Z] [iam] checking project sessionboard-77a56 for permissions ["firebase.projects.get","firebasehosting.sites.update"]
[debug] [2026-08-10T01:45:51.437Z] Checked if tokens are valid: true, expires at: 1786328779895
[debug] [2026-08-10T01:45:51.437Z] Checked if tokens are valid: true, expires at: 1786328779895
[debug] [2026-08-10T01:45:51.439Z] >>> [apiv2][query] POST https://cloudresourcemanager.googleapis.com/v1/projects/sessionboard-77a56:testIamPermissions [none]
[debug] [2026-08-10T01:45:51.439Z] >>> [apiv2][(partial)header] POST https://cloudresourcemanager.googleapis.com/v1/projects/sessionboard-77a56:testIamPermissions  x-goog-user-project=sessionboard-77a56
[debug] [2026-08-10T01:45:51.439Z] >>> [apiv2][body] POST https://cloudresourcemanager.googleapis.com/v1/projects/sessionboard-77a56:testIamPermissions {"permissions":["firebase.projects.get","firebasehosting.sites.update"]}
[debug] [2026-08-10T01:45:52.567Z] <<< [apiv2][status] POST https://cloudresourcemanager.googleapis.com/v1/projects/sessionboard-77a56:testIamPermissions 200
[debug] [2026-08-10T01:45:52.568Z] <<< [apiv2][body] POST https://cloudresourcemanager.googleapis.com/v1/projects/sessionboard-77a56:testIamPermissions {"permissions":["firebase.projects.get","firebasehosting.sites.update"]}
[debug] [2026-08-10T01:45:52.570Z] Checked if tokens are valid: true, expires at: 1786328779895
[debug] [2026-08-10T01:45:52.570Z] Checked if tokens are valid: true, expires at: 1786328779895
[debug] [2026-08-10T01:45:52.570Z] >>> [apiv2][query] GET https://firebase.googleapis.com/v1beta1/projects/sessionboard-77a56 [none]
[debug] [2026-08-10T01:45:53.170Z] <<< [apiv2][status] GET https://firebase.googleapis.com/v1beta1/projects/sessionboard-77a56 200
[debug] [2026-08-10T01:45:53.170Z] <<< [apiv2][body] GET https://firebase.googleapis.com/v1beta1/projects/sessionboard-77a56 {"projectId":"sessionboard-77a56","projectNumber":"617930955204","displayName":"sessionboard","name":"projects/sessionboard-77a56","resources":{"hostingSite":"sessionboard-77a56"},"state":"ACTIVE","labels":{"firebase":"enabled"},"etag":"1_e2b45827-f819-449d-9c13-09522a729152"}
[info] 
[info] === Deploying to 'sessionboard-77a56'...
[info] 
[info] i  deploying hosting 
[debug] [2026-08-10T01:45:53.175Z] Checked if tokens are valid: true, expires at: 1786328779895
[debug] [2026-08-10T01:45:53.176Z] Checked if tokens are valid: true, expires at: 1786328779895
[debug] [2026-08-10T01:45:53.176Z] >>> [apiv2][query] GET https://firebasehosting.googleapis.com/v1beta1/projects/sessionboard-77a56/sites/sessionboard-77a56 [none]
